Símbolo         Valor Decimal   Valor Hexadecimal
-------         -------------   -----------------
_VETTAB                   256                 100
_APP                    32768                8000
AREA_ESQUERDA               0                   0
AREA_DIREITA                1                   1
PARAM_RESET                 0                   0
PARAM_FINISHED              1                   1
PARAM_TIME                  2                   2
PARAM_BUFFER                3                   3
PARAM_SIZE                  4                   4
MINV                       32                  20
MAXV                      126                  7E
FF                         12                   C
CR                         13                   D
LF                         10                   A
BS                          8                   8
LOOP                    32784                8010
COUNTER                 32844                804C
IDMSG                   32846                804E
BS4                     32863                805F
STRING                  32868                8064
FORMAT_COUNTER          32878                806E
FC_LOOP                 32890                807A
FC_1                    32910                808E
KBHIT                   32937                80A9
GETCHAR                 32945                80B1
PUTCHAR                 32953                80B9
PUTMSG                  32961                80C1
STARTLINE               32969                80C9
GETLINE                 32977                80D1
