Símbolo         Valor Decimal   Valor Hexadecimal
-------         -------------   -----------------
_VETTAB                   256                 100
_APP                    32768                8000
AREA_ESQUERDA               0                   0
AREA_DIREITA                1                   1
PARAM_RESET                 0                   0
PARAM_FINISHED              1                   1
PARAM_TIME                  2                   2
PARAM_BUFFER                3                   3
PARAM_SIZE                  4                   4
MINV                       32                  20
MAXV                      126                  7E
FF                         12                   C
CR                         13                   D
LF                         10                   A
BS                          8                   8
LOOP                    32768                8000
LOOP1                   32804                8024
BUFFER                  32872                8068
STRING                  32897                8081
FORMAT_COUNTER          32907                808B
FC_LOOP                 32915                8093
FC_1                    32935                80A7
KBHIT                   32962                80C2
GETCHAR                 32970                80CA
PUTCHAR                 32978                80D2
PUTMSG                  32986                80DA
STARTLINE               32994                80E2
GETLINE                 33002                80EA
