Símbolo         Valor Decimal   Valor Hexadecimal
-------         -------------   -----------------
_KERNEL                     0                   0
_VETTAB                   256                 100
_RESET                    512                 200
_APP                    32768                8000
_IOAREA16               65408                FF80
_IOAREA08               65472                FFC0
IVET                    65470                FFBE
TIMDT                   65495                FFD7
INTS                    65496                FFD8
INTE                    65497                FFD9
TECST                   65498                FFDA
TECDT                   65499                FFDB
VISOR                   65500                FFDC
TECBUFFER                 558                 22E
CURSOR                    559                 22F
MSG                       561                 231
MSG1                      619                 26B
MSG2                      630                 276
MSG3                      640                 280
MSG4                      643                 283
MSG5                      645                 285
MSG6                      687                 2AF
STARTLINEFLAG             712                 2C8
STARTLINEBUFFER           713                 2C9
STARTLINEMAX              738                 2E2
GETLINEPARAM              740                 2E4
FF                         12                   C
CR                         13                   D
LF                         10                   A
ISR                       742                 2E6
ISRTIMERFIM               766                 2FE
ISRTIMER                  774                 306
ISRTECLADO                778                 30A
STARTLINEON               800                 320
STARTLINEINSERE           838                 346
STARTLINEINSERECHAR       858                 35A
STARTLINEONFIM            862                 35E
ISRFIMNOTECNOTIM          870                 366
ISRFIM                    876                 36C
KBHIT                     903                 387
KBHITFIM                  917                 395
GETCHAR                   918                 396
GETCHARLOOP               918                 396
PUTCHAR                   935                 3A7
BSPJMP                    969                 3C9
CRJMP                     985                 3D9
LFJMP                     995                 3E3
FFJMP                     999                 3E7
JMPCARACTERESCONTROLE     1003                 3EB
AREAESQ                  1023                 3FF
AREADIR                  1047                 417
PUTCHARFIMERRO           1075                 433
PUTCHARFIM               1079                 437
PUTMSG                   1086                 43E
PUTMSGLOOP               1092                 444
PUTMSGFIM                1114                 45A
STARTLINE                1117                 45D
GETLINE                  1128                 468
GETLINEJMP1              1156                 484
GETLINEJMP2              1184                 4A0
GETLINEERRO              1184                 4A0
GETLINEFIM               1193                 4A9
CLRVISORESQ              1208                 4B8
CLRVISORDIR              1353                 549
WAIT                     1426                 592
WAITLOOPR0               1430                 596
WAITLOOPR1               1434                 59A
