Símbolo         Valor Decimal   Valor Hexadecimal
-------         -------------   -----------------
_KERNEL                     0                   0
_VETTAB                   256                 100
_RESET                    512                 200
_APP                    32768                8000
_IOAREA16               65408                FF80
_IOAREA08               65472                FFC0
IVET                    65470                FFBE
TIMDT                   65495                FFD7
INTS                    65496                FFD8
INTE                    65497                FFD9
TECST                   65498                FFDA
TECDT                   65499                FFDB
VISOR                   65500                FFDC
TECBUFFER                 558                 22E
CURSOR                    560                 230
MSG                       561                 231
MSG1                      619                 26B
MSG2                      630                 276
MSG3                      640                 280
MSG4                      643                 283
MSG5                      645                 285
STARTLINEFLAG             679                 2A7
STARTLINEBUFFER           680                 2A8
STARTLINEMAX              705                 2C1
GETLINEPARAM              707                 2C3
FF                         12                   C
CR                         13                   D
LF                         10                   A
ISR                       709                 2C5
ISRTIMERFIM               733                 2DD
ISRTIMER                  741                 2E5
ISRTECLADO                745                 2E9
STARTLINEON               767                 2FF
STARTLINEINSERE           805                 325
STARTLINEINSERECHAR       825                 339
STARTLINEONFIM            829                 33D
ISRFIMNOTECNOTIM          837                 345
ISRFIM                    843                 34B
KBHIT                     870                 366
KBHITFIM                  884                 374
GETCHAR                   885                 375
GETCHARLOOP               885                 375
PUTCHAR                   902                 386
BSPJMP                    936                 3A8
CRJMP                     952                 3B8
LFJMP                     962                 3C2
FFJMP                     966                 3C6
JMPCARACTERESCONTROLE      970                 3CA
AREAESQ                   990                 3DE
AREADIR                  1014                 3F6
PUTCHARFIMERRO           1038                 40E
PUTCHARFIM               1042                 412
PUTMSG                   1049                 419
PUTMSGLOOP               1053                 41D
PUTMSGFIM                1079                 437
PUTMSG2                  1082                 43A
PUTMSGDIR                1094                 446
PUTMSGESQ                1094                 446
PUTMSG2FIM               1118                 45E
STARTLINE                1123                 463
GETLINE                  1134                 46E
GETLINEJMP1              1162                 48A
GETLINEJMP2              1190                 4A6
GETLINEERRO              1190                 4A6
GETLINEFIM               1199                 4AF
CLRVISORESQ              1214                 4BE
CLRVISORDIR              1359                 54F
WAIT                     1432                 598
WAITLOOPR0               1436                 59C
WAITLOOPR1               1440                 5A0
