Símbolo         Valor Decimal   Valor Hexadecimal
-------         -------------   -----------------
_KERNEL                     0                   0
_VETTAB                   256                 100
_RESET                    512                 200
_APP                    32768                8000
_IOAREA16               65408                FF80
_IOAREA08               65472                FFC0
IVET                    65470                FFBE
TIMDT                   65495                FFD7
INTS                    65496                FFD8
INTE                    65497                FFD9
TECST                   65498                FFDA
TECDT                   65499                FFDB
VISOR                   65500                FFDC
TECBUFFER                 558                 22E
CURSOR                    560                 230
MSG                       561                 231
STARTLINEFLAG             619                 26B
STARTLINEBUFFER           620                 26C
STARTLINEMAX              645                 285
GETLINEPARAM              647                 287
ISR                       649                 289
ISRTIMERFIM               673                 2A1
ISRTIMER                  681                 2A9
ISRTECLADO                685                 2AD
STARTLINEON               707                 2C3
STARTLINEINSERE           745                 2E9
STARTLINEINSERECHAR       765                 2FD
STARTLINEONFIM            769                 301
ISRFIMNOTECNOTIM          777                 309
ISRFIM                    783                 30F
KBHIT                     810                 32A
KBHITFIM                  824                 338
GETCHAR                   825                 339
GETCHARLOOP               825                 339
PUTCHAR                   842                 34A
BSPJMP                    876                 36C
CRJMP                     892                 37C
LFJMP                     902                 386
FFJMP                     906                 38A
JMPCARACTERESCONTROLE      910                 38E
AREAESQ                   930                 3A2
AREADIR                   954                 3BA
PUTCHARFIMERRO            978                 3D2
PUTCHARFIM                982                 3D6
PUTMSG                    989                 3DD
PUTMSGLOOP                993                 3E1
PUTMSGFIM                1015                 3F7
STARTLINE                1018                 3FA
GETLINE                  1029                 405
GETLINEJMP1              1057                 421
GETLINEJMP2              1085                 43D
GETLINEERRO              1085                 43D
GETLINEFIM               1094                 446
CLRVISORESQ              1109                 455
CLRVISORDIR              1254                 4E6
WAIT                     1327                 52F
WAITLOOPR0               1331                 533
WAITLOOPR1               1335                 537
LOOP                    32780                800C
FIM                     32796                801C
